// Jest Snapshot v1, https://goo.gl/fbAQLP

exports[`GenerateNumbers renders without crashing 1`] = `<GenerateNumbers />`;
